// Jest Snapshot v1, https://goo.gl/fbAQLP

exports[`Main main 1`] = `
Object {
  "asFragment": [Function],
  "baseElement": <body>
    <div>
      <div
        class="main"
        data-testid="main"
      >
        <h1>
          Todo List
        </h1>
        <form
          class="form"
        >
          <input
            placeholder="Добавить дело"
          />
          <button
            type="submit"
          >
            Добавить
          </button>
        </form>
        <ul
          class="grid"
        >
          <li
            class="header"
          >
            <p>
              №
            </p>
            <p>
              Задача
            </p>
            <p>
              Дата
            </p>
            <p>
              Статус
            </p>
            <p>
              Действия
            </p>
          </li>
        </ul>
      </div>
    </div>
  </body>,
  "container": <div>
    <div
      class="main"
      data-testid="main"
    >
      <h1>
        Todo List
      </h1>
      <form
        class="form"
      >
        <input
          placeholder="Добавить дело"
        />
        <button
          type="submit"
        >
          Добавить
        </button>
      </form>
      <ul
        class="grid"
      >
        <li
          class="header"
        >
          <p>
            №
          </p>
          <p>
            Задача
          </p>
          <p>
            Дата
          </p>
          <p>
            Статус
          </p>
          <p>
            Действия
          </p>
        </li>
      </ul>
    </div>
  </div>,
  "debug": [Function],
  "findAllByAltText": [Function],
  "findAllByDisplayValue": [Function],
  "findAllByLabelText": [Function],
  "findAllByPlaceholderText": [Function],
  "findAllByRole": [Function],
  "findAllByTestId": [Function],
  "findAllByText": [Function],
  "findAllByTitle": [Function],
  "findByAltText": [Function],
  "findByDisplayValue": [Function],
  "findByLabelText": [Function],
  "findByPlaceholderText": [Function],
  "findByRole": [Function],
  "findByTestId": [Function],
  "findByText": [Function],
  "findByTitle": [Function],
  "getAllByAltText": [Function],
  "getAllByDisplayValue": [Function],
  "getAllByLabelText": [Function],
  "getAllByPlaceholderText": [Function],
  "getAllByRole": [Function],
  "getAllByTestId": [Function],
  "getAllByText": [Function],
  "getAllByTitle": [Function],
  "getByAltText": [Function],
  "getByDisplayValue": [Function],
  "getByLabelText": [Function],
  "getByPlaceholderText": [Function],
  "getByRole": [Function],
  "getByTestId": [Function],
  "getByText": [Function],
  "getByTitle": [Function],
  "queryAllByAltText": [Function],
  "queryAllByDisplayValue": [Function],
  "queryAllByLabelText": [Function],
  "queryAllByPlaceholderText": [Function],
  "queryAllByRole": [Function],
  "queryAllByTestId": [Function],
  "queryAllByText": [Function],
  "queryAllByTitle": [Function],
  "queryByAltText": [Function],
  "queryByDisplayValue": [Function],
  "queryByLabelText": [Function],
  "queryByPlaceholderText": [Function],
  "queryByRole": [Function],
  "queryByTestId": [Function],
  "queryByText": [Function],
  "queryByTitle": [Function],
  "rerender": [Function],
  "unmount": [Function],
}
`;
